// Jest Snapshot v1, https://goo.gl/fbAQLP

exports[`Hello Component renders correctly renders correctly 1`] = `
<div
  className="sc-bdVaJa mw5 mw7-ns center pa3 ph5-ns bg-animate bg-white hover-bg-light-blue black bDWFJH"
>
  <h1
    className="sc-bwzfXH grow f2 blue hover-hot-pink uTxCW"
  >
    CLIENT!!!
  </h1>
  <h1
    className="sc-bwzfXH grow f2 blue hover-hot-pink uTxCW"
  >
    
  </h1>
</div>
`;
